mode: set
movies-xsis/controller/movieController.go:20.114,25.2 1 1
movies-xsis/controller/movieController.go:27.64,32.32 3 1
movies-xsis/controller/movieController.go:32.32,37.32 4 1
movies-xsis/controller/movieController.go:37.32,40.4 2 1
movies-xsis/controller/movieController.go:42.3,42.32 1 1
movies-xsis/controller/movieController.go:45.2,47.30 2 1
movies-xsis/controller/movieController.go:47.30,58.3 2 1
movies-xsis/controller/movieController.go:60.2,64.31 4 1
movies-xsis/controller/movieController.go:67.60,73.47 4 1
movies-xsis/controller/movieController.go:73.47,77.3 3 1
movies-xsis/controller/movieController.go:79.2,79.51 1 1
movies-xsis/controller/movieController.go:79.51,81.55 1 1
movies-xsis/controller/movieController.go:81.55,88.4 5 1
movies-xsis/controller/movieController.go:91.2,100.32 3 1
movies-xsis/controller/movieController.go:100.32,105.3 3 1
movies-xsis/controller/movieController.go:107.2,110.31 3 1
movies-xsis/controller/movieController.go:113.60,118.16 3 1
movies-xsis/controller/movieController.go:118.16,122.3 3 1
movies-xsis/controller/movieController.go:124.2,126.32 2 1
movies-xsis/controller/movieController.go:126.32,131.32 4 1
movies-xsis/controller/movieController.go:131.32,134.4 2 1
movies-xsis/controller/movieController.go:136.3,136.32 1 1
movies-xsis/controller/movieController.go:139.2,152.31 5 1
movies-xsis/controller/movieController.go:155.63,161.16 4 1
movies-xsis/controller/movieController.go:161.16,165.3 3 1
movies-xsis/controller/movieController.go:167.2,169.32 2 1
movies-xsis/controller/movieController.go:169.32,174.3 3 1
movies-xsis/controller/movieController.go:176.2,179.31 3 1
movies-xsis/controller/movieController.go:182.63,188.47 4 1
movies-xsis/controller/movieController.go:188.47,192.3 3 1
movies-xsis/controller/movieController.go:194.2,194.51 1 1
movies-xsis/controller/movieController.go:194.51,196.55 1 1
movies-xsis/controller/movieController.go:196.55,203.4 5 1
movies-xsis/controller/movieController.go:206.2,215.32 3 1
movies-xsis/controller/movieController.go:215.32,220.3 3 1
movies-xsis/controller/movieController.go:222.2,225.31 3 1
movies-xsis/repository/movieRepository.go:24.55,28.2 1 1
movies-xsis/repository/movieRepository.go:30.79,38.24 5 1
movies-xsis/repository/movieRepository.go:38.24,43.53 3 1
movies-xsis/repository/movieRepository.go:43.53,45.4 1 1
movies-xsis/repository/movieRepository.go:47.3,47.26 1 1
movies-xsis/repository/movieRepository.go:50.2,50.21 1 1
movies-xsis/repository/movieRepository.go:50.21,55.3 3 1
movies-xsis/repository/movieRepository.go:57.2,57.25 1 1
movies-xsis/repository/movieRepository.go:60.91,65.24 3 1
movies-xsis/repository/movieRepository.go:65.24,71.3 3 1
movies-xsis/repository/movieRepository.go:73.2,73.28 1 1
movies-xsis/repository/movieRepository.go:73.28,78.3 3 1
movies-xsis/repository/movieRepository.go:80.2,80.17 1 1
movies-xsis/repository/movieRepository.go:83.91,92.24 6 1
movies-xsis/repository/movieRepository.go:92.24,97.53 3 1
movies-xsis/repository/movieRepository.go:97.53,99.4 1 1
movies-xsis/repository/movieRepository.go:101.3,101.26 1 1
movies-xsis/repository/movieRepository.go:104.2,104.20 1 1
movies-xsis/repository/movieRepository.go:104.20,109.3 3 1
movies-xsis/repository/movieRepository.go:111.2,111.25 1 1
movies-xsis/repository/movieRepository.go:114.86,122.24 5 1
movies-xsis/repository/movieRepository.go:122.24,128.3 3 1
movies-xsis/repository/movieRepository.go:130.2,130.28 1 1
movies-xsis/repository/movieRepository.go:130.28,135.3 3 1
movies-xsis/repository/movieRepository.go:137.2,137.17 1 1
movies-xsis/repository/movieRepository.go:140.94,146.24 4 1
movies-xsis/repository/movieRepository.go:146.24,152.3 3 1
movies-xsis/repository/movieRepository.go:154.2,154.28 1 1
movies-xsis/repository/movieRepository.go:154.28,159.3 3 1
movies-xsis/repository/movieRepository.go:161.2,161.17 1 1
